[10, 10] => 10 + 10 
[10, 20] => 10 + 20 
[10, 30] => 10 + 30 
[10, 40] => 10 + 40 
[10, 50] => 10 + 50 
[20, 10] => 20 + 10 
[20, 20] => 20 + 20 
[20, 30] => 20 + 30 
[20, 40] => 20 + 40 
[20, 50] => 20 + 50 
[30, 10] => 30 + 10 
[30, 20] => 30 + 20 
[30, 30] => 30 + 30 
[30, 40] => 30 + 40 
[30, 50] => 30 + 50 
[40, 10] => 40 + 10 
[40, 20] => 40 + 20 
[40, 30] => 40 + 30 
[40, 40] => 40 + 40 
[40, 50] => 40 + 50 
[50, 10] => 50 + 10 
[50, 20] => 50 + 20 
[50, 30] => 50 + 30 
[50, 40] => 50 + 40 
[50, 50] => 50 + 50 
